---
http_interactions:
- request:
    method: get
    uri: https://api.darksky.net/forecast/fead8af7d77e42793dbf5a3fccfaf847/40.7127,-74.0059,1539316887?units=us
    body:
      encoding: US-ASCII
      string: ''
    headers:
      User-Agent:
      - Faraday v0.15.3
      Accept-Encoding:
      - gzip;q=1.0,deflate;q=0.6,identity;q=0.3
      Accept:
      - "*/*"
  response:
    status:
      code: 200
      message: OK
    headers:
      Date:
      - Sat, 13 Oct 2018 04:01:27 GMT
      Content-Type:
      - application/json; charset=utf-8
      Transfer-Encoding:
      - chunked
      Connection:
      - keep-alive
      X-Authentication-Time:
      - 2ms
      Cache-Control:
      - max-age=3600
      Expires:
      - Sat, 13 Oct 2018 05:01:27 +0000
      X-Forecast-Api-Calls:
      - '29'
      X-Content-Type-Options:
      - nosniff
      X-Response-Time:
      - 45.039ms
      Vary:
      - Accept-Encoding
    body:
      encoding: ASCII-8BIT
      string: '{"latitude":40.7127,"longitude":-74.0059,"timezone":"America/New_York","currently":{"time":1539316887,"summary":"Overcast","icon":"cloudy","precipIntensity":0.0055,"precipProbability":0.24,"precipType":"rain","temperature":69.81,"apparentTemperature":71,"dewPoint":68.6,"humidity":0.96,"pressure":1000.02,"windSpeed":0.67,"windGust":2.9,"windBearing":157,"cloudCover":0.96,"uvIndex":0,"visibility":9.47,"ozone":238.85},"hourly":{"summary":"Rain
        in the morning.","icon":"rain","data":[{"time":1539316800,"summary":"Overcast","icon":"cloudy","precipIntensity":0.0052,"precipProbability":0.24,"precipType":"rain","temperature":69.85,"apparentTemperature":71.05,"dewPoint":68.68,"humidity":0.96,"pressure":1000.03,"windSpeed":0.79,"windGust":2.85,"windBearing":158,"cloudCover":0.96,"uvIndex":0,"visibility":9.47,"ozone":238.85},{"time":1539320400,"summary":"Overcast","icon":"cloudy","precipIntensity":0.0138,"precipProbability":0.51,"precipType":"rain","temperature":68.23,"apparentTemperature":69.05,"dewPoint":65.66,"humidity":0.92,"pressure":999.5,"windSpeed":4.28,"windGust":4.73,"windBearing":342,"cloudCover":1,"uvIndex":0,"visibility":9.29,"ozone":239.07},{"time":1539324000,"summary":"Overcast","icon":"cloudy","precipIntensity":0.0102,"precipProbability":0.43,"precipType":"rain","temperature":67.07,"apparentTemperature":67.6,"dewPoint":63.33,"humidity":0.88,"pressure":999.23,"windSpeed":6.78,"windGust":7.06,"windBearing":349,"cloudCover":1,"uvIndex":0,"visibility":9.66,"ozone":239.63},{"time":1539327600,"summary":"Overcast","icon":"cloudy","precipIntensity":0.0188,"precipProbability":0.58,"precipType":"rain","temperature":65.61,"apparentTemperature":66.03,"dewPoint":62.09,"humidity":0.88,"pressure":998.68,"windSpeed":9.21,"windGust":9.34,"windBearing":358,"cloudCover":0.94,"uvIndex":0,"visibility":9.22,"ozone":240.05},{"time":1539331200,"summary":"Light
        Rain","icon":"rain","precipIntensity":0.0312,"precipProbability":0.59,"precipType":"rain","temperature":64.25,"apparentTemperature":64.65,"dewPoint":61.55,"humidity":0.91,"pressure":998.84,"windSpeed":8.3,"windGust":8.98,"windBearing":359,"cloudCover":1,"uvIndex":0,"visibility":8.01,"ozone":241.51},{"time":1539334800,"summary":"Rain","icon":"rain","precipIntensity":0.0686,"precipProbability":0.77,"precipType":"rain","temperature":62.34,"apparentTemperature":62.46,"dewPoint":59.03,"humidity":0.89,"pressure":998.14,"windSpeed":9.5,"windGust":10.81,"windBearing":355,"cloudCover":0.98,"uvIndex":0,"visibility":7.24,"ozone":243.7},{"time":1539338400,"summary":"Mostly
        Cloudy","icon":"partly-cloudy-night","precipIntensity":0.0204,"precipProbability":0.48,"precipType":"rain","temperature":61.38,"apparentTemperature":61.38,"dewPoint":56.57,"humidity":0.84,"pressure":998.4,"windSpeed":9.95,"windGust":15.97,"windBearing":355,"cloudCover":0.91,"uvIndex":0,"visibility":10,"ozone":246.46},{"time":1539342000,"summary":"Mostly
        Cloudy","icon":"partly-cloudy-night","precipIntensity":0.0009,"precipProbability":0.07,"precipType":"rain","temperature":60.43,"apparentTemperature":60.43,"dewPoint":52.97,"humidity":0.76,"pressure":999.09,"windSpeed":11.58,"windGust":13.6,"windBearing":346,"cloudCover":0.93,"uvIndex":0,"visibility":10,"ozone":249.72},{"time":1539345600,"summary":"Mostly
        Cloudy","icon":"partly-cloudy-day","precipIntensity":0,"precipProbability":0,"temperature":58.93,"apparentTemperature":58.93,"dewPoint":48.11,"humidity":0.67,"pressure":1000.53,"windSpeed":11.65,"windGust":16.33,"windBearing":337,"cloudCover":0.79,"uvIndex":0,"visibility":10,"ozone":252.91},{"time":1539349200,"summary":"Partly
        Cloudy","icon":"partly-cloudy-day","precipIntensity":0,"precipProbability":0,"temperature":59.07,"apparentTemperature":59.07,"dewPoint":45.9,"humidity":0.62,"pressure":1001.76,"windSpeed":12.18,"windGust":12.42,"windBearing":324,"cloudCover":0.53,"uvIndex":1,"visibility":10,"ozone":256.21},{"time":1539352800,"summary":"Partly
        Cloudy","icon":"partly-cloudy-day","precipIntensity":0,"precipProbability":0,"temperature":59.07,"apparentTemperature":59.07,"dewPoint":44.78,"humidity":0.59,"pressure":1002.7,"windSpeed":12.29,"windGust":19.37,"windBearing":322,"cloudCover":0.37,"uvIndex":2,"visibility":10,"ozone":260.07},{"time":1539356400,"summary":"Partly
        Cloudy","icon":"partly-cloudy-day","precipIntensity":0,"precipProbability":0,"temperature":59.49,"apparentTemperature":59.49,"dewPoint":43.55,"humidity":0.56,"pressure":1003.9,"windSpeed":12.29,"windGust":16.27,"windBearing":319,"cloudCover":0.59,"uvIndex":3,"visibility":10,"ozone":263.25},{"time":1539360000,"summary":"Partly
        Cloudy","icon":"partly-cloudy-day","precipIntensity":0,"precipProbability":0,"temperature":59.59,"apparentTemperature":59.59,"dewPoint":42.67,"humidity":0.53,"pressure":1004.36,"windSpeed":13.25,"windGust":14.97,"windBearing":323,"cloudCover":0.56,"uvIndex":4,"visibility":10,"ozone":265.62},{"time":1539363600,"summary":"Clear","icon":"clear-day","precipIntensity":0.0016,"precipProbability":0.04,"precipType":"rain","temperature":60.48,"apparentTemperature":60.48,"dewPoint":41.34,"humidity":0.49,"pressure":1004.65,"windSpeed":13.6,"windGust":24.89,"windBearing":317,"cloudCover":0.14,"uvIndex":5,"visibility":10,"ozone":267.45},{"time":1539367200,"summary":"Clear","icon":"clear-day","precipIntensity":0,"precipProbability":0,"temperature":60.37,"apparentTemperature":60.37,"dewPoint":40.1,"humidity":0.47,"pressure":1004.41,"windSpeed":11.27,"windGust":15.58,"windBearing":312,"cloudCover":0.13,"uvIndex":4,"visibility":10,"ozone":269.19},{"time":1539370800,"summary":"Clear","icon":"clear-day","precipIntensity":0,"precipProbability":0,"temperature":61.11,"apparentTemperature":61.11,"dewPoint":40.03,"humidity":0.46,"pressure":1004.77,"windSpeed":11.24,"windGust":12.52,"windBearing":315,"cloudCover":0.12,"uvIndex":3,"visibility":10,"ozone":269.56},{"time":1539374400,"summary":"Clear","icon":"clear-day","precipIntensity":0,"precipProbability":0,"temperature":60.93,"apparentTemperature":60.93,"dewPoint":39.18,"humidity":0.45,"pressure":1004.94,"windSpeed":11.89,"windGust":18.42,"windBearing":316,"cloudCover":0.09,"uvIndex":2,"visibility":10,"ozone":269.19},{"time":1539378000,"summary":"Clear","icon":"clear-day","precipIntensity":0,"precipProbability":0,"temperature":59.54,"apparentTemperature":59.54,"dewPoint":38.82,"humidity":0.46,"pressure":1005.53,"windSpeed":12.96,"windGust":13.13,"windBearing":324,"cloudCover":0.09,"uvIndex":0,"visibility":10,"ozone":268.8},{"time":1539381600,"summary":"Clear","icon":"clear-day","precipIntensity":0,"precipProbability":0,"temperature":57.47,"apparentTemperature":57.47,"dewPoint":38.26,"humidity":0.49,"pressure":1006.12,"windSpeed":10.27,"windGust":10.65,"windBearing":326,"cloudCover":0.1,"uvIndex":0,"visibility":10,"ozone":268.64},{"time":1539385200,"summary":"Clear","icon":"clear-night","precipIntensity":0,"precipProbability":0,"temperature":55.63,"apparentTemperature":55.63,"dewPoint":38.97,"humidity":0.53,"pressure":1006.94,"windSpeed":6.31,"windGust":6.82,"windBearing":321,"cloudCover":0.08,"uvIndex":0,"visibility":10,"ozone":268.5},{"time":1539388800,"summary":"Clear","icon":"clear-night","precipIntensity":0,"precipProbability":0,"temperature":54.3,"apparentTemperature":54.3,"dewPoint":39.67,"humidity":0.58,"pressure":1007.86,"windSpeed":5.75,"windGust":6.09,"windBearing":319,"cloudCover":0.02,"uvIndex":0,"visibility":10,"ozone":268.47},{"time":1539392400,"summary":"Clear","icon":"clear-night","precipIntensity":0,"precipProbability":0,"temperature":52.48,"apparentTemperature":52.48,"dewPoint":40.68,"humidity":0.64,"pressure":1008.36,"windSpeed":4.11,"windGust":4.65,"windBearing":324,"cloudCover":0,"uvIndex":0,"visibility":10,"ozone":268.56},{"time":1539396000,"summary":"Clear","icon":"clear-night","precipIntensity":0,"precipProbability":0,"temperature":52.06,"apparentTemperature":52.06,"dewPoint":40.09,"humidity":0.64,"pressure":1008.58,"windSpeed":4.97,"windGust":5.42,"windBearing":331,"cloudCover":0,"uvIndex":0,"visibility":10,"ozone":268.73},{"time":1539399600,"summary":"Clear","icon":"clear-night","precipIntensity":0,"precipProbability":0,"temperature":51.51,"apparentTemperature":51.51,"dewPoint":40.03,"humidity":0.65,"pressure":1009.04,"windSpeed":5.67,"windGust":6.22,"windBearing":328,"cloudCover":0.06,"uvIndex":0,"visibility":10,"ozone":269.07}]},"daily":{"data":[{"time":1539316800,"summary":"Rain
        in the morning.","icon":"rain","sunriseTime":1539342316,"sunsetTime":1539382910,"moonPhase":0.12,"precipIntensity":0.0071,"precipIntensityMax":0.0686,"precipIntensityMaxTime":1539334800,"precipProbability":0.82,"precipType":"rain","temperatureHigh":61.11,"temperatureHighTime":1539370800,"temperatureLow":48.39,"temperatureLowTime":1539432000,"apparentTemperatureHigh":61.11,"apparentTemperatureHighTime":1539370800,"apparentTemperatureLow":46.92,"apparentTemperatureLowTime":1539432000,"dewPoint":48,"humidity":0.66,"pressure":1003.18,"windSpeed":8.8,"windGust":24.89,"windGustTime":1539363600,"windBearing":330,"cloudCover":0.47,"uvIndex":5,"uvIndexTime":1539363600,"visibility":10,"ozone":258.05,"temperatureMin":51.51,"temperatureMinTime":1539399600,"temperatureMax":69.85,"temperatureMaxTime":1539316800,"apparentTemperatureMin":51.51,"apparentTemperatureMinTime":1539399600,"apparentTemperatureMax":71.05,"apparentTemperatureMaxTime":1539316800}]},"flags":{"sources":["cmc","gfs","hrrr","icon","isd","madis","nam","sref"],"nearest-station":0.811,"units":"us"},"offset":-4}'
    http_version: 
  recorded_at: Sat, 13 Oct 2018 04:01:27 GMT
- request:
    method: get
    uri: https://api.darksky.net/forecast/fead8af7d77e42793dbf5a3fccfaf847/40.7127,-74.0059,1539403287?units=us
    body:
      encoding: US-ASCII
      string: ''
    headers:
      User-Agent:
      - Faraday v0.15.3
      Accept-Encoding:
      - gzip;q=1.0,deflate;q=0.6,identity;q=0.3
      Accept:
      - "*/*"
  response:
    status:
      code: 200
      message: OK
    headers:
      Date:
      - Sat, 13 Oct 2018 04:01:27 GMT
      Content-Type:
      - application/json; charset=utf-8
      Transfer-Encoding:
      - chunked
      Connection:
      - keep-alive
      X-Authentication-Time:
      - 1ms
      Cache-Control:
      - max-age=3600
      Expires:
      - Sat, 13 Oct 2018 05:01:27 +0000
      X-Forecast-Api-Calls:
      - '30'
      X-Content-Type-Options:
      - nosniff
      X-Response-Time:
      - 43.349ms
      Vary:
      - Accept-Encoding
    body:
      encoding: ASCII-8BIT
      string: '{"latitude":40.7127,"longitude":-74.0059,"timezone":"America/New_York","currently":{"time":1539403287,"summary":"Partly
        Cloudy","icon":"partly-cloudy-night","precipIntensity":0,"precipProbability":0,"temperature":51.39,"apparentTemperature":51.39,"dewPoint":39.97,"humidity":0.65,"pressure":1009,"windSpeed":5.77,"windGust":6.28,"windBearing":334,"cloudCover":0.44,"uvIndex":0,"visibility":10,"ozone":269.06},"minutely":{"summary":"Partly
        cloudy for the hour.","icon":"partly-cloudy-night","data":[{"time":1539403260,"precipIntensity":0,"precipProbability":0},{"time":1539403320,"precipIntensity":0,"precipProbability":0},{"time":1539403380,"precipIntensity":0,"precipProbability":0},{"time":1539403440,"precipIntensity":0,"precipProbability":0},{"time":1539403500,"precipIntensity":0,"precipProbability":0},{"time":1539403560,"precipIntensity":0,"precipProbability":0},{"time":1539403620,"precipIntensity":0,"precipProbability":0},{"time":1539403680,"precipIntensity":0,"precipProbability":0},{"time":1539403740,"precipIntensity":0,"precipProbability":0},{"time":1539403800,"precipIntensity":0,"precipProbability":0},{"time":1539403860,"precipIntensity":0,"precipProbability":0},{"time":1539403920,"precipIntensity":0,"precipProbability":0},{"time":1539403980,"precipIntensity":0,"precipProbability":0},{"time":1539404040,"precipIntensity":0,"precipProbability":0},{"time":1539404100,"precipIntensity":0,"precipProbability":0},{"time":1539404160,"precipIntensity":0,"precipProbability":0},{"time":1539404220,"precipIntensity":0,"precipProbability":0},{"time":1539404280,"precipIntensity":0,"precipProbability":0},{"time":1539404340,"precipIntensity":0,"precipProbability":0},{"time":1539404400,"precipIntensity":0,"precipProbability":0},{"time":1539404460,"precipIntensity":0,"precipProbability":0},{"time":1539404520,"precipIntensity":0,"precipProbability":0},{"time":1539404580,"precipIntensity":0,"precipProbability":0},{"time":1539404640,"precipIntensity":0,"precipProbability":0},{"time":1539404700,"precipIntensity":0,"precipProbability":0},{"time":1539404760,"precipIntensity":0,"precipProbability":0},{"time":1539404820,"precipIntensity":0,"precipProbability":0},{"time":1539404880,"precipIntensity":0,"precipProbability":0},{"time":1539404940,"precipIntensity":0,"precipProbability":0},{"time":1539405000,"precipIntensity":0,"precipProbability":0},{"time":1539405060,"precipIntensity":0,"precipProbability":0},{"time":1539405120,"precipIntensity":0,"precipProbability":0},{"time":1539405180,"precipIntensity":0,"precipProbability":0},{"time":1539405240,"precipIntensity":0,"precipProbability":0},{"time":1539405300,"precipIntensity":0,"precipProbability":0},{"time":1539405360,"precipIntensity":0,"precipProbability":0},{"time":1539405420,"precipIntensity":0,"precipProbability":0},{"time":1539405480,"precipIntensity":0,"precipProbability":0},{"time":1539405540,"precipIntensity":0,"precipProbability":0},{"time":1539405600,"precipIntensity":0,"precipProbability":0},{"time":1539405660,"precipIntensity":0,"precipProbability":0},{"time":1539405720,"precipIntensity":0,"precipProbability":0},{"time":1539405780,"precipIntensity":0,"precipProbability":0},{"time":1539405840,"precipIntensity":0,"precipProbability":0},{"time":1539405900,"precipIntensity":0,"precipProbability":0},{"time":1539405960,"precipIntensity":0,"precipProbability":0},{"time":1539406020,"precipIntensity":0,"precipProbability":0},{"time":1539406080,"precipIntensity":0,"precipProbability":0},{"time":1539406140,"precipIntensity":0,"precipProbability":0},{"time":1539406200,"precipIntensity":0,"precipProbability":0},{"time":1539406260,"precipIntensity":0,"precipProbability":0},{"time":1539406320,"precipIntensity":0,"precipProbability":0},{"time":1539406380,"precipIntensity":0,"precipProbability":0},{"time":1539406440,"precipIntensity":0,"precipProbability":0},{"time":1539406500,"precipIntensity":0,"precipProbability":0},{"time":1539406560,"precipIntensity":0,"precipProbability":0},{"time":1539406620,"precipIntensity":0,"precipProbability":0},{"time":1539406680,"precipIntensity":0,"precipProbability":0},{"time":1539406740,"precipIntensity":0,"precipProbability":0},{"time":1539406800,"precipIntensity":0,"precipProbability":0},{"time":1539406860,"precipIntensity":0,"precipProbability":0}]},"hourly":{"summary":"Light
        rain in the morning.","icon":"rain","data":[{"time":1539403200,"summary":"Partly
        Cloudy","icon":"partly-cloudy-night","precipIntensity":0.0005,"precipProbability":0.02,"precipType":"rain","temperature":51.38,"apparentTemperature":51.38,"dewPoint":39.96,"humidity":0.65,"pressure":1009.01,"windSpeed":5.78,"windGust":6.29,"windBearing":334,"cloudCover":0.44,"uvIndex":0,"visibility":10,"ozone":269.06},{"time":1539406800,"summary":"Mostly
        Cloudy","icon":"partly-cloudy-night","precipIntensity":0,"precipProbability":0,"temperature":51.9,"apparentTemperature":51.9,"dewPoint":40.39,"humidity":0.65,"pressure":1008.85,"windSpeed":5.34,"windGust":5.83,"windBearing":336,"cloudCover":0.66,"uvIndex":0,"visibility":10,"ozone":269.2},{"time":1539410400,"summary":"Mostly
        Cloudy","icon":"partly-cloudy-night","precipIntensity":0,"precipProbability":0,"temperature":52.25,"apparentTemperature":52.25,"dewPoint":40.74,"humidity":0.65,"pressure":1008.48,"windSpeed":4.98,"windGust":8.26,"windBearing":331,"cloudCover":0.78,"uvIndex":0,"visibility":10,"ozone":270.66},{"time":1539414000,"summary":"Mostly
        Cloudy","icon":"partly-cloudy-night","precipIntensity":0,"precipProbability":0,"temperature":52.39,"apparentTemperature":52.39,"dewPoint":40.6,"humidity":0.64,"pressure":1008.66,"windSpeed":5.27,"windGust":9,"windBearing":328,"cloudCover":0.85,"uvIndex":0,"visibility":10,"ozone":274.1},{"time":1539417600,"summary":"Overcast","icon":"cloudy","precipIntensity":0.0018,"precipProbability":0.04,"precipType":"rain","temperature":51.98,"apparentTemperature":51.98,"dewPoint":40.6,"humidity":0.65,"pressure":1008.62,"windSpeed":4.68,"windGust":8.32,"windBearing":327,"cloudCover":0.94,"uvIndex":0,"visibility":10,"ozone":278.92},{"time":1539421200,"summary":"Overcast","icon":"cloudy","precipIntensity":0.0005,"precipProbability":0.03,"precipType":"rain","temperature":51.42,"apparentTemperature":51.42,"dewPoint":40.86,"humidity":0.67,"pressure":1008.93,"windSpeed":4.05,"windGust":7.46,"windBearing":324,"cloudCover":1,"uvIndex":0,"visibility":10,"ozone":283.17},{"time":1539424800,"summary":"Mostly
        Cloudy","icon":"partly-cloudy-night","precipIntensity":0.0043,"precipProbability":0.15,"precipType":"rain","temperature":50.37,"apparentTemperature":50.37,"dewPoint":41.28,"humidity":0.71,"pressure":1009.65,"windSpeed":4.51,"windGust":9.28,"windBearing":321,"cloudCover":0.75,"uvIndex":0,"visibility":10,"ozone":285.92},{"time":1539428400,"summary":"Light
        Rain","icon":"rain","precipIntensity":0.0296,"precipProbability":0.52,"precipType":"rain","temperature":48.79,"apparentTemperature":46.99,"dewPoint":42.37,"humidity":0.78,"pressure":1010.53,"windSpeed":4.7,"windGust":8.2,"windBearing":291,"cloudCover":0.84,"uvIndex":0,"visibility":9.16,"ozone":288.24},{"time":1539432000,"summary":"Light
        Rain","icon":"rain","precipIntensity":0.0274,"precipProbability":0.56,"precipType":"rain","temperature":48.39,"apparentTemperature":46.92,"dewPoint":42.87,"humidity":0.81,"pressure":1010.96,"windSpeed":4.13,"windGust":7.85,"windBearing":280,"cloudCover":0.81,"uvIndex":0,"visibility":10,"ozone":290.7},{"time":1539435600,"summary":"Mostly
        Cloudy","icon":"partly-cloudy-day","precipIntensity":0.0138,"precipProbability":0.5,"precipType":"rain","temperature":49.01,"apparentTemperature":46.92,"dewPoint":42.66,"humidity":0.79,"pressure":1011.22,"windSpeed":5.22,"windGust":10.27,"windBearing":273,"cloudCover":0.82,"uvIndex":1,"visibility":10,"ozone":294.31},{"time":1539439200,"summary":"Mostly
        Cloudy","icon":"partly-cloudy-day","precipIntensity":0.0057,"precipProbability":0.27,"precipType":"rain","temperature":50.46,"apparentTemperature":50.46,"dewPoint":42.94,"humidity":0.75,"pressure":1011.57,"windSpeed":7.64,"windGust":12.78,"windBearing":260,"cloudCover":0.69,"uvIndex":2,"visibility":10,"ozone":298.25},{"time":1539442800,"summary":"Mostly
        Cloudy","icon":"partly-cloudy-day","precipIntensity":0.0025,"precipProbability":0.2,"precipType":"rain","temperature":51.98,"apparentTemperature":51.98,"dewPoint":42.92,"humidity":0.71,"pressure":1011.87,"windSpeed":9.31,"windGust":16.05,"windBearing":267,"cloudCover":0.67,"uvIndex":3,"visibility":10,"ozone":300.66},{"time":1539446400,"summary":"Partly
        Cloudy","icon":"partly-cloudy-day","precipIntensity":0.0023,"precipProbability":0.21,"precipType":"rain","temperature":53.6,"apparentTemperature":53.6,"dewPoint":43.11,"humidity":0.67,"pressure":1011.82,"windSpeed":10.12,"windGust":17.6,"windBearing":247,"cloudCover":0.59,"uvIndex":3,"visibility":10,"ozone":300.56},{"time":1539450000,"summary":"Partly
        Cloudy","icon":"partly-cloudy-day","precipIntensity":0.0013,"precipProbability":0.14,"precipType":"rain","temperature":55.32,"apparentTemperature":55.32,"dewPoint":43.18,"humidity":0.64,"pressure":1011.88,"windSpeed":10.62,"windGust":17.71,"windBearing":310,"cloudCover":0.59,"uvIndex":4,"visibility":10,"ozone":299.11},{"time":1539453600,"summary":"Mostly
        Cloudy","icon":"partly-cloudy-day","precipIntensity":0.0005,"precipProbability":0.04,"precipType":"rain","temperature":56.88,"apparentTemperature":56.88,"dewPoint":42.07,"humidity":0.58,"pressure":1011.88,"windSpeed":10.63,"windGust":16.9,"windBearing":290,"cloudCover":0.63,"uvIndex":3,"visibility":10,"ozone":297.15},{"time":1539457200,"summary":"Partly
        Cloudy","icon":"partly-cloudy-day","precipIntensity":0.0003,"precipProbability":0.03,"precipType":"rain","temperature":57.79,"apparentTemperature":57.79,"dewPoint":41.62,"humidity":0.55,"pressure":1012.21,"windSpeed":10.5,"windGust":16.5,"windBearing":286,"cloudCover":0.53,"uvIndex":2,"visibility":10,"ozone":295.24},{"time":1539460800,"summary":"Partly
        Cloudy","icon":"partly-cloudy-day","precipIntensity":0,"precipProbability":0,"temperature":58.66,"apparentTemperature":58.66,"dewPoint":40.97,"humidity":0.52,"pressure":1012.68,"windSpeed":10.17,"windGust":15.9,"windBearing":291,"cloudCover":0.4,"uvIndex":1,"visibility":10,"ozone":293.08},{"time":1539464400,"summary":"Partly
        Cloudy","icon":"partly-cloudy-day","precipIntensity":0,"precipProbability":0,"temperature":59.04,"apparentTemperature":59.04,"dewPoint":40.48,"humidity":0.5,"pressure":1013.32,"windSpeed":9.72,"windGust":15.34,"windBearing":299,"cloudCover":0.29,"uvIndex":0,"visibility":10,"ozone":291.16},{"time":1539468000,"summary":"Clear","icon":"clear-day","precipIntensity":0,"precipProbability":0,"temperature":58.55,"apparentTemperature":58.55,"dewPoint":40.23,"humidity":0.51,"pressure":1014.19,"windSpeed":9.09,"windGust":14.88,"windBearing":304,"cloudCover":0.24,"uvIndex":0,"visibility":10,"ozone":289.74},{"time":1539471600,"summary":"Clear","icon":"clear-night","precipIntensity":0,"precipProbability":0,"temperature":57.51,"apparentTemperature":57.51,"dewPoint":40.15,"humidity":0.52,"pressure":1015.21,"windSpeed":8.3,"windGust":14.43,"windBearing":309,"cloudCover":0.22,"uvIndex":0,"visibility":10,"ozone":288.58},{"time":1539475200,"summary":"Clear","icon":"clear-night","precipIntensity":0,"precipProbability":0,"temperature":56.23,"apparentTemperature":56.23,"dewPoint":40.12,"humidity":0.55,"pressure":1016.17,"windSpeed":7.57,"windGust":13.88,"windBearing":312,"cloudCover":0.19,"uvIndex":0,"visibility":10,"ozone":287.6},{"time":1539478800,"summary":"Clear","icon":"clear-night","precipIntensity":0,"precipProbability":0,"temperature":55.38,"apparentTemperature":55.38,"dewPoint":40.15,"humidity":0.56,"pressure":1017.08,"windSpeed":6.94,"windGust":13.12,"windBearing":310,"cloudCover":0.12,"uvIndex":0,"visibility":10,"ozone":286.92},{"time":1539482400,"summary":"Clear","icon":"clear-night","precipIntensity":0,"precipProbability":0,"temperature":54.66,"apparentTemperature":54.66,"dewPoint":40.28,"humidity":0.58,"pressure":1017.95,"windSpeed":6.39,"windGust":12.31,"windBearing":307,"cloudCover":0.05,"uvIndex":0,"visibility":10,"ozone":286.52},{"time":1539486000,"summary":"Clear","icon":"clear-night","precipIntensity":0.0002,"precipProbability":0.02,"precipType":"rain","temperature":54.03,"apparentTemperature":54.03,"dewPoint":40.25,"humidity":0.6,"pressure":1018.73,"windSpeed":5.99,"windGust":11.62,"windBearing":304,"cloudCover":0,"uvIndex":0,"visibility":10,"ozone":286.04}]},"daily":{"data":[{"time":1539403200,"summary":"Light
        rain in the morning.","icon":"rain","sunriseTime":1539428780,"sunsetTime":1539469216,"moonPhase":0.16,"precipIntensity":0.0038,"precipIntensityMax":0.0296,"precipIntensityMaxTime":1539428400,"precipProbability":0.55,"precipType":"rain","temperatureHigh":59.04,"temperatureHighTime":1539464400,"temperatureLow":48.44,"temperatureLowTime":1539514800,"apparentTemperatureHigh":59.04,"apparentTemperatureHighTime":1539464400,"apparentTemperatureLow":46.79,"apparentTemperatureLowTime":1539514800,"dewPoint":41.28,"humidity":0.63,"pressure":1012.14,"windSpeed":6.58,"windGust":17.71,"windGustTime":1539450000,"windBearing":299,"cloudCover":0.55,"uvIndex":4,"uvIndexTime":1539450000,"visibility":10,"ozone":287.7,"temperatureMin":48.39,"temperatureMinTime":1539432000,"temperatureMax":59.04,"temperatureMaxTime":1539464400,"apparentTemperatureMin":46.92,"apparentTemperatureMinTime":1539432000,"apparentTemperatureMax":59.04,"apparentTemperatureMaxTime":1539464400}]},"flags":{"sources":["cmc","gfs","hrrr","icon","isd","madis","nam","sref","darksky"],"nearest-station":0.811,"units":"us"},"offset":-4}'
    http_version: 
  recorded_at: Sat, 13 Oct 2018 04:01:28 GMT
- request:
    method: post
    uri: https://slack.com/api/chat.postMessage
    body:
      encoding: UTF-8
      string: as_user=true&channel=%23ifua-interview-room&link_names=ifua-interview-room&text=%40channel%3A+Forecast+for+11%3A01+pm+on+Friday+October+12%2C+2018%3A%0Apartly+cloudy+with+a+temperature+of+51.39%C2%B0+F%0A%0ASoon%3A%0APartly+cloudy+for+the+hour.%0A&token=xoxb-171585243110-453334475843-HilAlLgoqvLUiy2HwWR55ySp
    headers:
      Accept:
      - application/json; charset=utf-8
      User-Agent:
      - Slack Ruby Client/0.13.1
      Content-Type:
      - application/x-www-form-urlencoded
      Accept-Encoding:
      - gzip;q=1.0,deflate;q=0.6,identity;q=0.3
  response:
    status:
      code: 200
      message: OK
    headers:
      Content-Type:
      - application/json; charset=utf-8
      Content-Length:
      - '250'
      Connection:
      - keep-alive
      Date:
      - Sat, 13 Oct 2018 04:01:28 GMT
      Server:
      - Apache
      X-Slack-Router:
      - p
      X-Slack-Req-Id:
      - 4ef8d25b-6489-4b7e-a6c4-1cd3849d6ca4
      X-Oauth-Scopes:
      - identify,bot:basic
      X-Accepted-Oauth-Scopes:
      - chat:write:user,client
      Expires:
      - Mon, 26 Jul 1997 05:00:00 GMT
      Cache-Control:
      - private, no-cache, no-store, must-revalidate
      Pragma:
      - no-cache
      X-Xss-Protection:
      - '0'
      X-Content-Type-Options:
      - nosniff
      X-Slack-Exp:
      - '1'
      X-Slack-Backend:
      - h
      Referrer-Policy:
      - no-referrer
      Strict-Transport-Security:
      - max-age=31536000; includeSubDomains; preload
      Vary:
      - Accept-Encoding
      Access-Control-Allow-Origin:
      - "*"
      X-Via:
      - haproxy-www-mo75
      X-Cache:
      - Miss from cloudfront
      Via:
      - 1.1 89365c1948d15ba29b0df05d36b544b9.cloudfront.net (CloudFront)
      X-Amz-Cf-Id:
      - 6Q0YXsTZOpfywA-v_2pGIg39_S8awGA9QE3S4ZH3zB5KNa6EnHd8OQ==
    body:
      encoding: ASCII-8BIT
      string: '{"ok":true,"channel":"GDCNTMJKY","ts":"1539403288.000100","message":{"type":"message","user":"UDB9UDZQT","text":"<!channel>:
        Forecast for 11:01 pm on Friday October 12, 2018:\npartly cloudy with a temperature
        of 51.39\u00b0 F\n\nSoon:\nPartly cloudy for the hour.\n","bot_id":"BDBCK03PC","ts":"1539403288.000100"}}'
    http_version: 
  recorded_at: Sat, 13 Oct 2018 04:01:28 GMT
recorded_with: VCR 4.0.0
